{
  "version": "1.5.0",
  "plugins_used": [
    {
      "name": "ArtifactoryDetector"
    },
    {
      "name": "AWSKeyDetector"
    },
    {
      "name": "AzureStorageKeyDetector"
    },
    {
      "name": "Base64HighEntropyString",
      "limit": 4.5
    },
    {
      "name": "BasicAuthDetector"
    },
    {
      "name": "CloudantDetector"
    },
    {
      "name": "DiscordBotTokenDetector"
    },
    {
      "name": "GitHubTokenDetector"
    },
    {
      "name": "GitLabTokenDetector"
    },
    {
      "name": "HexHighEntropyString",
      "limit": 3.0
    },
    {
      "name": "IbmCloudIamDetector"
    },
    {
      "name": "IbmCosHmacDetector"
    },
    {
      "name": "IPPublicDetector"
    },
    {
      "name": "JwtTokenDetector"
    },
    {
      "name": "KeywordDetector",
      "keyword_exclude": ""
    },
    {
      "name": "MailchimpDetector"
    },
    {
      "name": "NpmDetector"
    },
    {
      "name": "OpenAIDetector"
    },
    {
      "name": "PrivateKeyDetector"
    },
    {
      "name": "PypiTokenDetector"
    },
    {
      "name": "SendGridDetector"
    },
    {
      "name": "SlackDetector"
    },
    {
      "name": "SoftlayerDetector"
    },
    {
      "name": "SquareOAuthDetector"
    },
    {
      "name": "StripeDetector"
    },
    {
      "name": "TelegramBotTokenDetector"
    },
    {
      "name": "TwilioKeyDetector"
    }
  ],
  "filters_used": [
    {
      "path": "detect_secrets.filters.allowlist.is_line_allowlisted"
    },
    {
      "path": "detect_secrets.filters.common.is_baseline_file",
      "filename": ".secrets.baseline"
    },
    {
      "path": "detect_secrets.filters.common.is_ignored_due_to_verification_policies",
      "min_level": 2
    },
    {
      "path": "detect_secrets.filters.heuristic.is_indirect_reference"
    },
    {
      "path": "detect_secrets.filters.heuristic.is_likely_id_string"
    },
    {
      "path": "detect_secrets.filters.heuristic.is_lock_file"
    },
    {
      "path": "detect_secrets.filters.heuristic.is_not_alphanumeric_string"
    },
    {
      "path": "detect_secrets.filters.heuristic.is_potential_uuid"
    },
    {
      "path": "detect_secrets.filters.heuristic.is_prefixed_with_dollar_sign"
    },
    {
      "path": "detect_secrets.filters.heuristic.is_sequential_string"
    },
    {
      "path": "detect_secrets.filters.heuristic.is_swagger_file"
    },
    {
      "path": "detect_secrets.filters.heuristic.is_templated_secret"
    }
  ],
  "results": {
    "golden/baseline_2026-02-20/baseline_meta.json": [
      {
        "type": "Hex High Entropy String",
        "filename": "golden/baseline_2026-02-20/baseline_meta.json",
        "hashed_secret": "669e494b9a7a4931f897721b1de3f8e260a76b04",
        "is_verified": false,
        "line_number": 4
      }
    ],
    "sec_13f/scripts/sync_sharadar_sep.py": [
      {
        "type": "Secret Keyword",
        "filename": "sec_13f/scripts/sync_sharadar_sep.py",
        "hashed_secret": "741e5c03929892139e772761da5b91f861a9a244",
        "is_verified": false,
        "line_number": 72
      }
    ],
    "setup_environment.py": [
      {
        "type": "Secret Keyword",
        "filename": "setup_environment.py",
        "hashed_secret": "aecdccc1cf64595b34e0cc152d238daabb32183a",
        "is_verified": false,
        "line_number": 99
      }
    ],
    "tests/test_audit_log.py": [
      {
        "type": "Hex High Entropy String",
        "filename": "tests/test_audit_log.py",
        "hashed_secret": "90bd1b48e958257948487b90bee080ba5ed00caa",
        "is_verified": false,
        "line_number": 47
      }
    ],
    "tests/test_clinical_shadow_keying.py": [
      {
        "type": "Hex High Entropy String",
        "filename": "tests/test_clinical_shadow_keying.py",
        "hashed_secret": "90bd1b48e958257948487b90bee080ba5ed00caa",
        "is_verified": false,
        "line_number": 26
      }
    ],
    "tests/test_decision_explanation_contract.py": [
      {
        "type": "Hex High Entropy String",
        "filename": "tests/test_decision_explanation_contract.py",
        "hashed_secret": "b6d0a8a61bc86c6598f8883d0eee02a43ec170c6",
        "is_verified": false,
        "line_number": 267
      }
    ],
    "tests/test_finra_short_interest_feed.py": [
      {
        "type": "Hex High Entropy String",
        "filename": "tests/test_finra_short_interest_feed.py",
        "hashed_secret": "244f421f896bdcdd2784dccf4eaf7c8dfd5189b5",
        "is_verified": false,
        "line_number": 363
      }
    ],
    "tests/test_governance_hashing.py": [
      {
        "type": "Hex High Entropy String",
        "filename": "tests/test_governance_hashing.py",
        "hashed_secret": "244f421f896bdcdd2784dccf4eaf7c8dfd5189b5",
        "is_verified": false,
        "line_number": 57
      },
      {
        "type": "Hex High Entropy String",
        "filename": "tests/test_governance_hashing.py",
        "hashed_secret": "e9e8fa9602f37a97a0e3f588c8e49e1bbb756706",
        "is_verified": false,
        "line_number": 430
      }
    ],
    "tests/test_governance_run_id.py": [
      {
        "type": "Hex High Entropy String",
        "filename": "tests/test_governance_run_id.py",
        "hashed_secret": "323b5f30fd46dcaeeb6aed6df873b62cf585861f",
        "is_verified": false,
        "line_number": 33
      }
    ],
    "tests/test_macro_data_collector.py": [
      {
        "type": "Secret Keyword",
        "filename": "tests/test_macro_data_collector.py",
        "hashed_secret": "00942f4668670f34c5943cf52c7ef3139fe2b8d6",
        "is_verified": false,
        "line_number": 85
      },
      {
        "type": "Secret Keyword",
        "filename": "tests/test_macro_data_collector.py",
        "hashed_secret": "0b8d37ac0768fc1fc701b0c5e8d2af6d3cb3856b",
        "is_verified": false,
        "line_number": 89
      }
    ],
    "tests/test_weekly_health_packet.py": [
      {
        "type": "Hex High Entropy String",
        "filename": "tests/test_weekly_health_packet.py",
        "hashed_secret": "22a07d051fd63d73a84bb5a131fcc8d1df6a8006",
        "is_verified": false,
        "line_number": 174
      }
    ]
  },
  "generated_at": "2026-05-14T21:07:18Z"
}
